../mbed-os/targets/TARGET_STM/TARGET_STM32F4/device/stm32f4xx_hal_crc.c:178:13:HAL_CRC_MspInit	0	static
../mbed-os/targets/TARGET_STM/TARGET_STM32F4/device/stm32f4xx_hal_crc.c:110:19:HAL_CRC_Init	8	static
../mbed-os/targets/TARGET_STM/TARGET_STM32F4/device/stm32f4xx_hal_crc.c:193:13:HAL_CRC_MspDeInit	0	static
../mbed-os/targets/TARGET_STM/TARGET_STM32F4/device/stm32f4xx_hal_crc.c:145:19:HAL_CRC_DeInit	8	static
../mbed-os/targets/TARGET_STM/TARGET_STM32F4/device/stm32f4xx_hal_crc.c:232:10:HAL_CRC_Accumulate	4	static
../mbed-os/targets/TARGET_STM/TARGET_STM32F4/device/stm32f4xx_hal_crc.c:267:10:HAL_CRC_Calculate	4	static
../mbed-os/targets/TARGET_STM/TARGET_STM32F4/device/stm32f4xx_hal_crc.c:322:22:HAL_CRC_GetState	0	static
