../mbed-os/targets/TARGET_STM/TARGET_STM32F4/device/stm32f4xx_ll_usb.c:1719:19:USB_HC_StartXfer	48	static
../mbed-os/targets/TARGET_STM/TARGET_STM32F4/device/stm32f4xx_ll_usb.c:1833:10:USB_HC_ReadInterrupt	16	static
../mbed-os/targets/TARGET_STM/TARGET_STM32F4/device/stm32f4xx_ll_usb.c:1845:19:USB_HC_Halt	24	static
../mbed-os/targets/TARGET_STM/TARGET_STM32F4/device/stm32f4xx_ll_usb.c:1906:19:USB_DoPing	24	static
../mbed-os/targets/TARGET_STM/TARGET_STM32F4/device/stm32f4xx_ll_usb.c:1928:19:USB_StopHost	32	static
../mbed-os/targets/TARGET_STM/TARGET_STM32F4/device/stm32f4xx_ll_usb.c:103:19:USB_CoreInit	0	static
../mbed-os/targets/TARGET_STM/TARGET_STM32F4/device/stm32f4xx_ll_usb.c:149:19:USB_EnableGlobalInt	0	static
../mbed-os/targets/TARGET_STM/TARGET_STM32F4/device/stm32f4xx_ll_usb.c:162:19:USB_DisableGlobalInt	0	static
../mbed-os/targets/TARGET_STM/TARGET_STM32F4/device/stm32f4xx_ll_usb.c:178:19:USB_SetCurrentMode	8	static
../mbed-os/targets/TARGET_STM/TARGET_STM32F4/device/stm32f4xx_ll_usb.c:203:19:USB_DevInit	24	static
../mbed-os/targets/TARGET_STM/TARGET_STM32F4/device/stm32f4xx_ll_usb.c:349:19:USB_FlushTxFifo	0	static
../mbed-os/targets/TARGET_STM/TARGET_STM32F4/device/stm32f4xx_ll_usb.c:373:19:USB_FlushRxFifo	0	static
../mbed-os/targets/TARGET_STM/TARGET_STM32F4/device/stm32f4xx_ll_usb.c:403:19:USB_SetDevSpeed	0	static
../mbed-os/targets/TARGET_STM/TARGET_STM32F4/device/stm32f4xx_ll_usb.c:418:9:USB_GetDevSpeed	0	static
../mbed-os/targets/TARGET_STM/TARGET_STM32F4/device/stm32f4xx_ll_usb.c:445:19:USB_ActivateEndpoint	4	static
../mbed-os/targets/TARGET_STM/TARGET_STM32F4/device/stm32f4xx_ll_usb.c:477:19:USB_ActivateDedicatedEndpoint	12	static
../mbed-os/targets/TARGET_STM/TARGET_STM32F4/device/stm32f4xx_ll_usb.c:522:19:USB_DeactivateEndpoint	8	static
../mbed-os/targets/TARGET_STM/TARGET_STM32F4/device/stm32f4xx_ll_usb.c:593:19:USB_DeactivateDedicatedEndpoint	0	static
../mbed-os/targets/TARGET_STM/TARGET_STM32F4/device/stm32f4xx_ll_usb.c:669:19:USB_EPStartXfer	28	static,ignoring_inline_asm
../mbed-os/targets/TARGET_STM/TARGET_STM32F4/device/stm32f4xx_ll_usb.c:793:19:USB_EP0StartXfer	12	static,ignoring_inline_asm
../mbed-os/targets/TARGET_STM/TARGET_STM32F4/device/stm32f4xx_ll_usb.c:883:19:USB_EPStopXfer	0	static,ignoring_inline_asm
../mbed-os/targets/TARGET_STM/TARGET_STM32F4/device/stm32f4xx_ll_usb.c:969:19:USB_EPSetNak	0	static
../mbed-os/targets/TARGET_STM/TARGET_STM32F4/device/stm32f4xx_ll_usb.c:1007:19:USB_EPClearNak	0	static
../mbed-os/targets/TARGET_STM/TARGET_STM32F4/device/stm32f4xx_ll_usb.c:1053:19:USB_WritePacket	4	static
../mbed-os/targets/TARGET_STM/TARGET_STM32F4/device/stm32f4xx_ll_usb.c:1081:7:USB_ReadPacket	0	static
../mbed-os/targets/TARGET_STM/TARGET_STM32F4/device/stm32f4xx_ll_usb.c:1100:19:USB_EPSetStall	0	static
../mbed-os/targets/TARGET_STM/TARGET_STM32F4/device/stm32f4xx_ll_usb.c:1128:19:USB_EPClearStall	0	static
../mbed-os/targets/TARGET_STM/TARGET_STM32F4/device/stm32f4xx_ll_usb.c:1154:19:USB_StopDevice	4	static
../mbed-os/targets/TARGET_STM/TARGET_STM32F4/device/stm32f4xx_ll_usb.c:1185:20:USB_SetDevAddress	0	static
../mbed-os/targets/TARGET_STM/TARGET_STM32F4/device/stm32f4xx_ll_usb.c:1198:20:USB_DevConnect	8	static
../mbed-os/targets/TARGET_STM/TARGET_STM32F4/device/stm32f4xx_ll_usb.c:1211:20:USB_DevDisconnect	8	static
../mbed-os/targets/TARGET_STM/TARGET_STM32F4/device/stm32f4xx_ll_usb.c:1224:11:USB_ReadInterrupts	0	static
../mbed-os/targets/TARGET_STM/TARGET_STM32F4/device/stm32f4xx_ll_usb.c:1238:10:USB_ReadDevAllOutEpInterrupt	0	static
../mbed-os/targets/TARGET_STM/TARGET_STM32F4/device/stm32f4xx_ll_usb.c:1251:10:USB_ReadDevAllInEpInterrupt	0	static
../mbed-os/targets/TARGET_STM/TARGET_STM32F4/device/stm32f4xx_ll_usb.c:1266:10:USB_ReadDevOutEPInterrupt	0	static
../mbed-os/targets/TARGET_STM/TARGET_STM32F4/device/stm32f4xx_ll_usb.c:1281:10:USB_ReadDevInEPInterrupt	4	static
../mbed-os/targets/TARGET_STM/TARGET_STM32F4/device/stm32f4xx_ll_usb.c:1298:7:USB_ClearInterrupts	0	static
../mbed-os/targets/TARGET_STM/TARGET_STM32F4/device/stm32f4xx_ll_usb.c:1311:10:USB_GetMode	0	static
../mbed-os/targets/TARGET_STM/TARGET_STM32F4/device/stm32f4xx_ll_usb.c:1322:20:USB_ActivateSetup	0	static
../mbed-os/targets/TARGET_STM/TARGET_STM32F4/device/stm32f4xx_ll_usb.c:1347:19:USB_EP0_OutStart	4	static
../mbed-os/targets/TARGET_STM/TARGET_STM32F4/device/stm32f4xx_ll_usb.c:1409:19:USB_HostInit	24	static
../mbed-os/targets/TARGET_STM/TARGET_STM32F4/device/stm32f4xx_ll_usb.c:1498:19:USB_InitFSLSPClkSel	0	static
../mbed-os/targets/TARGET_STM/TARGET_STM32F4/device/stm32f4xx_ll_usb.c:1521:19:USB_ResetPort	16	static
../mbed-os/targets/TARGET_STM/TARGET_STM32F4/device/stm32f4xx_ll_usb.c:1544:19:USB_DriveVbus	8	static
../mbed-os/targets/TARGET_STM/TARGET_STM32F4/device/stm32f4xx_ll_usb.c:1572:10:USB_GetHostSpeed	8	static
../mbed-os/targets/TARGET_STM/TARGET_STM32F4/device/stm32f4xx_ll_usb.c:1585:10:USB_GetCurrentFrame	0	static
../mbed-os/targets/TARGET_STM/TARGET_STM32F4/device/stm32f4xx_ll_usb.c:1614:19:USB_HC_Init	20	static
