../mbed-os/targets/TARGET_STM/TARGET_STM32F4/device/stm32f4xx_hal_pcd.c:1432:26:PCD_ReadRxFifo.isra	24	static
../mbed-os/targets/TARGET_STM/TARGET_STM32F4/device/stm32f4xx_hal_pcd.c:257:13:HAL_PCD_MspInit	0	static
../mbed-os/targets/TARGET_STM/TARGET_STM32F4/device/stm32f4xx_hal_pcd.c:138:19:HAL_PCD_Init	64	static
../mbed-os/targets/TARGET_STM/TARGET_STM32F4/device/stm32f4xx_hal_pcd.c:271:13:HAL_PCD_MspDeInit	0	static
../mbed-os/targets/TARGET_STM/TARGET_STM32F4/device/stm32f4xx_hal_pcd.c:231:19:HAL_PCD_DeInit	8	static
../mbed-os/targets/TARGET_STM/TARGET_STM32F4/device/stm32f4xx_hal_pcd.c:304:19:HAL_PCD_Start	8	static
../mbed-os/targets/TARGET_STM/TARGET_STM32F4/device/stm32f4xx_hal_pcd.c:322:19:HAL_PCD_Stop	8	static
../mbed-os/targets/TARGET_STM/TARGET_STM32F4/device/stm32f4xx_hal_pcd.c:728:14:HAL_PCD_DataOutStageCallback	0	static
../mbed-os/targets/TARGET_STM/TARGET_STM32F4/device/stm32f4xx_hal_pcd.c:744:14:HAL_PCD_DataInStageCallback	0	static
../mbed-os/targets/TARGET_STM/TARGET_STM32F4/device/stm32f4xx_hal_pcd.c:758:14:HAL_PCD_SetupStageCallback	0	static
../mbed-os/targets/TARGET_STM/TARGET_STM32F4/device/stm32f4xx_hal_pcd.c:772:14:HAL_PCD_SOFCallback	0	static
../mbed-os/targets/TARGET_STM/TARGET_STM32F4/device/stm32f4xx_hal_pcd.c:786:14:HAL_PCD_ResetCallback	0	static
../mbed-os/targets/TARGET_STM/TARGET_STM32F4/device/stm32f4xx_hal_pcd.c:800:14:HAL_PCD_SuspendCallback	0	static
../mbed-os/targets/TARGET_STM/TARGET_STM32F4/device/stm32f4xx_hal_pcd.c:814:14:HAL_PCD_ResumeCallback	0	static
../mbed-os/targets/TARGET_STM/TARGET_STM32F4/device/stm32f4xx_hal_pcd.c:829:14:HAL_PCD_ISOOUTIncompleteCallback	0	static
../mbed-os/targets/TARGET_STM/TARGET_STM32F4/device/stm32f4xx_hal_pcd.c:845:14:HAL_PCD_ISOINIncompleteCallback	0	static
../mbed-os/targets/TARGET_STM/TARGET_STM32F4/device/stm32f4xx_hal_pcd.c:860:14:HAL_PCD_ConnectCallback	0	static
../mbed-os/targets/TARGET_STM/TARGET_STM32F4/device/stm32f4xx_hal_pcd.c:874:14:HAL_PCD_DisconnectCallback	0	static
../mbed-os/targets/TARGET_STM/TARGET_STM32F4/device/stm32f4xx_hal_pcd.c:341:6:HAL_PCD_IRQHandler	64	static,ignoring_inline_asm
../mbed-os/targets/TARGET_STM/TARGET_STM32F4/device/stm32f4xx_hal_pcd.c:907:19:HAL_PCD_DevConnect	8	static
../mbed-os/targets/TARGET_STM/TARGET_STM32F4/device/stm32f4xx_hal_pcd.c:920:19:HAL_PCD_DevDisconnect	8	static
../mbed-os/targets/TARGET_STM/TARGET_STM32F4/device/stm32f4xx_hal_pcd.c:934:19:HAL_PCD_SetAddress	8	static
../mbed-os/targets/TARGET_STM/TARGET_STM32F4/device/stm32f4xx_hal_pcd.c:949:19:HAL_PCD_EP_Open	8	static
../mbed-os/targets/TARGET_STM/TARGET_STM32F4/device/stm32f4xx_hal_pcd.c:993:19:HAL_PCD_EP_Close	8	static
../mbed-os/targets/TARGET_STM/TARGET_STM32F4/device/stm32f4xx_hal_pcd.c:1026:19:HAL_PCD_EP_Receive	16	static
../mbed-os/targets/TARGET_STM/TARGET_STM32F4/device/stm32f4xx_hal_pcd.c:1069:10:HAL_PCD_EP_GetRxCount	0	static
../mbed-os/targets/TARGET_STM/TARGET_STM32F4/device/stm32f4xx_hal_pcd.c:1083:19:HAL_PCD_EP_Transmit	16	static
../mbed-os/targets/TARGET_STM/TARGET_STM32F4/device/stm32f4xx_hal_pcd.c:1128:19:HAL_PCD_EP_Abort	32	static
../mbed-os/targets/TARGET_STM/TARGET_STM32F4/device/stm32f4xx_hal_pcd.c:1207:19:HAL_PCD_EP_SetStall	16	static
../mbed-os/targets/TARGET_STM/TARGET_STM32F4/device/stm32f4xx_hal_pcd.c:1246:19:HAL_PCD_EP_ClrStall	16	static
../mbed-os/targets/TARGET_STM/TARGET_STM32F4/device/stm32f4xx_hal_pcd.c:1278:19:HAL_PCD_EP_Flush	8	static
../mbed-os/targets/TARGET_STM/TARGET_STM32F4/device/stm32f4xx_hal_pcd.c:1305:19:HAL_PCD_ActivateRemoteWakeup	0	static
../mbed-os/targets/TARGET_STM/TARGET_STM32F4/device/stm32f4xx_hal_pcd.c:1322:19:HAL_PCD_DeActivateRemoteWakeup	0	static
../mbed-os/targets/TARGET_STM/TARGET_STM32F4/device/stm32f4xx_hal_pcd.c:1354:18:HAL_PCD_GetState	0	static
