../mbed-os/targets/TARGET_STM/TARGET_STM32F4/device/stm32f4xx_hal_dma.c:187:19:HAL_DMA_Init	16	static
../mbed-os/targets/TARGET_STM/TARGET_STM32F4/device/stm32f4xx_hal_dma.c:326:19:HAL_DMA_DeInit	8	static
../mbed-os/targets/TARGET_STM/TARGET_STM32F4/device/stm32f4xx_hal_dma.c:416:19:HAL_DMA_Start	8	static
../mbed-os/targets/TARGET_STM/TARGET_STM32F4/device/stm32f4xx_hal_dma.c:460:19:HAL_DMA_Start_IT	12	static
../mbed-os/targets/TARGET_STM/TARGET_STM32F4/device/stm32f4xx_hal_dma.c:523:19:HAL_DMA_Abort	16	static
../mbed-os/targets/TARGET_STM/TARGET_STM32F4/device/stm32f4xx_hal_dma.c:590:19:HAL_DMA_Abort_IT	0	static
../mbed-os/targets/TARGET_STM/TARGET_STM32F4/device/stm32f4xx_hal_dma.c:620:19:HAL_DMA_PollForTransfer	48	static
../mbed-os/targets/TARGET_STM/TARGET_STM32F4/device/stm32f4xx_hal_dma.c:756:6:HAL_DMA_IRQHandler	32	static
../mbed-os/targets/TARGET_STM/TARGET_STM32F4/device/stm32f4xx_hal_dma.c:977:19:HAL_DMA_RegisterCallback	0	static
../mbed-os/targets/TARGET_STM/TARGET_STM32F4/device/stm32f4xx_hal_dma.c:1037:19:HAL_DMA_UnRegisterCallback	0	static
../mbed-os/targets/TARGET_STM/TARGET_STM32F4/device/stm32f4xx_hal_dma.c:1122:22:HAL_DMA_GetState	0	static
../mbed-os/targets/TARGET_STM/TARGET_STM32F4/device/stm32f4xx_hal_dma.c:1133:10:HAL_DMA_GetError	0	static
