../mbed-os/targets/TARGET_STM/TARGET_STM32F4/device/stm32f4xx_hal_sai.c:1787:13:SAI_FillFifo	4	static
../mbed-os/targets/TARGET_STM/TARGET_STM32F4/device/stm32f4xx_hal_sai.c:543:13:HAL_SAI_MspInit	0	static
../mbed-os/targets/TARGET_STM/TARGET_STM32F4/device/stm32f4xx_hal_sai.c:331:19:HAL_SAI_Init	24	static
../mbed-os/targets/TARGET_STM/TARGET_STM32F4/device/stm32f4xx_hal_sai.c:292:19:HAL_SAI_InitProtocol	4	static
../mbed-os/targets/TARGET_STM/TARGET_STM32F4/device/stm32f4xx_hal_sai.c:559:13:HAL_SAI_MspDeInit	0	static
../mbed-os/targets/TARGET_STM/TARGET_STM32F4/device/stm32f4xx_hal_sai.c:502:19:HAL_SAI_DeInit	8	static
../mbed-os/targets/TARGET_STM/TARGET_STM32F4/device/stm32f4xx_hal_sai.c:624:19:HAL_SAI_Transmit	32	static
../mbed-os/targets/TARGET_STM/TARGET_STM32F4/device/stm32f4xx_hal_sai.c:724:19:HAL_SAI_Receive	32	static
../mbed-os/targets/TARGET_STM/TARGET_STM32F4/device/stm32f4xx_hal_sai.c:821:19:HAL_SAI_Transmit_IT	8	static
../mbed-os/targets/TARGET_STM/TARGET_STM32F4/device/stm32f4xx_hal_sai.c:883:19:HAL_SAI_Receive_IT	4	static
../mbed-os/targets/TARGET_STM/TARGET_STM32F4/device/stm32f4xx_hal_sai.c:941:19:HAL_SAI_DMAPause	4	static
../mbed-os/targets/TARGET_STM/TARGET_STM32F4/device/stm32f4xx_hal_sai.c:961:19:HAL_SAI_DMAResume	0	static
../mbed-os/targets/TARGET_STM/TARGET_STM32F4/device/stm32f4xx_hal_sai.c:988:19:HAL_SAI_DMAStop	8	static
../mbed-os/targets/TARGET_STM/TARGET_STM32F4/device/stm32f4xx_hal_sai.c:1033:19:HAL_SAI_Abort	8	static
../mbed-os/targets/TARGET_STM/TARGET_STM32F4/device/stm32f4xx_hal_sai.c:1088:19:HAL_SAI_Transmit_DMA	24	static
../mbed-os/targets/TARGET_STM/TARGET_STM32F4/device/stm32f4xx_hal_sai.c:1157:19:HAL_SAI_Receive_DMA	24	static
../mbed-os/targets/TARGET_STM/TARGET_STM32F4/device/stm32f4xx_hal_sai.c:1225:19:HAL_SAI_EnableTxMuteMode	0	static
../mbed-os/targets/TARGET_STM/TARGET_STM32F4/device/stm32f4xx_hal_sai.c:1244:19:HAL_SAI_DisableTxMuteMode	0	static
../mbed-os/targets/TARGET_STM/TARGET_STM32F4/device/stm32f4xx_hal_sai.c:1262:19:HAL_SAI_EnableRxMuteMode	4	static
../mbed-os/targets/TARGET_STM/TARGET_STM32F4/device/stm32f4xx_hal_sai.c:1285:19:HAL_SAI_DisableRxMuteMode	0	static
../mbed-os/targets/TARGET_STM/TARGET_STM32F4/device/stm32f4xx_hal_sai.c:1487:13:HAL_SAI_TxCpltCallback	0	static
../mbed-os/targets/TARGET_STM/TARGET_STM32F4/device/stm32f4xx_hal_sai.c:1879:13:SAI_Transmit_IT8Bit	8	static
../mbed-os/targets/TARGET_STM/TARGET_STM32F4/device/stm32f4xx_hal_sai.c:2033:13:SAI_DMATxCplt	8	static
../mbed-os/targets/TARGET_STM/TARGET_STM32F4/device/stm32f4xx_hal_sai.c:1903:13:SAI_Transmit_IT16Bit	8	static
../mbed-os/targets/TARGET_STM/TARGET_STM32F4/device/stm32f4xx_hal_sai.c:1928:13:SAI_Transmit_IT32Bit	8	static
../mbed-os/targets/TARGET_STM/TARGET_STM32F4/device/stm32f4xx_hal_sai.c:1503:14:HAL_SAI_TxHalfCpltCallback	0	static
../mbed-os/targets/TARGET_STM/TARGET_STM32F4/device/stm32f4xx_hal_sai.c:2058:13:SAI_DMATxHalfCplt	8	static
../mbed-os/targets/TARGET_STM/TARGET_STM32F4/device/stm32f4xx_hal_sai.c:1519:13:HAL_SAI_RxCpltCallback	0	static
../mbed-os/targets/TARGET_STM/TARGET_STM32F4/device/stm32f4xx_hal_sai.c:2006:13:SAI_Receive_IT32Bit	8	static
../mbed-os/targets/TARGET_STM/TARGET_STM32F4/device/stm32f4xx_hal_sai.c:1979:13:SAI_Receive_IT16Bit	8	static
../mbed-os/targets/TARGET_STM/TARGET_STM32F4/device/stm32f4xx_hal_sai.c:1953:13:SAI_Receive_IT8Bit	8	static
../mbed-os/targets/TARGET_STM/TARGET_STM32F4/device/stm32f4xx_hal_sai.c:2071:13:SAI_DMARxCplt	8	static
../mbed-os/targets/TARGET_STM/TARGET_STM32F4/device/stm32f4xx_hal_sai.c:1535:13:HAL_SAI_RxHalfCpltCallback	0	static
../mbed-os/targets/TARGET_STM/TARGET_STM32F4/device/stm32f4xx_hal_sai.c:2094:13:SAI_DMARxHalfCplt	8	static
../mbed-os/targets/TARGET_STM/TARGET_STM32F4/device/stm32f4xx_hal_sai.c:1551:13:HAL_SAI_ErrorCallback	0	static
../mbed-os/targets/TARGET_STM/TARGET_STM32F4/device/stm32f4xx_hal_sai.c:2107:13:SAI_DMAError	8	static
../mbed-os/targets/TARGET_STM/TARGET_STM32F4/device/stm32f4xx_hal_sai.c:1304:6:HAL_SAI_IRQHandler	16	static
../mbed-os/targets/TARGET_STM/TARGET_STM32F4/device/stm32f4xx_hal_sai.c:2138:13:SAI_DMAAbort	8	static
../mbed-os/targets/TARGET_STM/TARGET_STM32F4/device/stm32f4xx_hal_sai.c:1587:22:HAL_SAI_GetState	0	static
../mbed-os/targets/TARGET_STM/TARGET_STM32F4/device/stm32f4xx_hal_sai.c:1598:10:HAL_SAI_GetError	0	static
