../mbed-os/targets/TARGET_STM/TARGET_STM32F4/device/stm32f4xx_hal_nor.c:253:13:HAL_NOR_MspInit	0	static
../mbed-os/targets/TARGET_STM/TARGET_STM32F4/device/stm32f4xx_hal_nor.c:180:19:HAL_NOR_Init	16	static
../mbed-os/targets/TARGET_STM/TARGET_STM32F4/device/stm32f4xx_hal_nor.c:268:13:HAL_NOR_MspDeInit	0	static
../mbed-os/targets/TARGET_STM/TARGET_STM32F4/device/stm32f4xx_hal_nor.c:230:19:HAL_NOR_DeInit	8	static
../mbed-os/targets/TARGET_STM/TARGET_STM32F4/device/stm32f4xx_hal_nor.c:284:13:HAL_NOR_MspWait	0	static
../mbed-os/targets/TARGET_STM/TARGET_STM32F4/device/stm32f4xx_hal_nor.c:320:19:HAL_NOR_Read_ID	4	static
../mbed-os/targets/TARGET_STM/TARGET_STM32F4/device/stm32f4xx_hal_nor.c:380:19:HAL_NOR_ReturnToReadMode	0	static
../mbed-os/targets/TARGET_STM/TARGET_STM32F4/device/stm32f4xx_hal_nor.c:430:19:HAL_NOR_Read	4	static
../mbed-os/targets/TARGET_STM/TARGET_STM32F4/device/stm32f4xx_hal_nor.c:489:19:HAL_NOR_Program	8	static
../mbed-os/targets/TARGET_STM/TARGET_STM32F4/device/stm32f4xx_hal_nor.c:549:19:HAL_NOR_ReadBuffer	8	static
../mbed-os/targets/TARGET_STM/TARGET_STM32F4/device/stm32f4xx_hal_nor.c:614:19:HAL_NOR_ProgramBuffer	12	static
../mbed-os/targets/TARGET_STM/TARGET_STM32F4/device/stm32f4xx_hal_nor.c:694:19:HAL_NOR_Erase_Block	12	static
../mbed-os/targets/TARGET_STM/TARGET_STM32F4/device/stm32f4xx_hal_nor.c:753:19:HAL_NOR_Erase_Chip	4	static
../mbed-os/targets/TARGET_STM/TARGET_STM32F4/device/stm32f4xx_hal_nor.c:814:19:HAL_NOR_Read_CFI	0	static
../mbed-os/targets/TARGET_STM/TARGET_STM32F4/device/stm32f4xx_hal_nor.c:891:19:HAL_NOR_WriteOperation_Enable	16	static
../mbed-os/targets/TARGET_STM/TARGET_STM32F4/device/stm32f4xx_hal_nor.c:914:19:HAL_NOR_WriteOperation_Disable	8	static
../mbed-os/targets/TARGET_STM/TARGET_STM32F4/device/stm32f4xx_hal_nor.c:959:22:HAL_NOR_GetState	0	static
../mbed-os/targets/TARGET_STM/TARGET_STM32F4/device/stm32f4xx_hal_nor.c:973:23:HAL_NOR_GetStatus	24	static
