../mbed-os/targets/TARGET_STM/TARGET_STM32F4/device/stm32f4xx_ll_rtc.c:265:6:LL_RTC_StructInit	0	static
../mbed-os/targets/TARGET_STM/TARGET_STM32F4/device/stm32f4xx_ll_rtc.c:367:6:LL_RTC_TIME_StructInit	0	static
../mbed-os/targets/TARGET_STM/TARGET_STM32F4/device/stm32f4xx_ll_rtc.c:455:6:LL_RTC_DATE_StructInit	0	static
../mbed-os/targets/TARGET_STM/TARGET_STM32F4/device/stm32f4xx_ll_rtc.c:478:13:LL_RTC_ALMA_Init	24	static
../mbed-os/targets/TARGET_STM/TARGET_STM32F4/device/stm32f4xx_ll_rtc.c:596:13:LL_RTC_ALMB_Init	24	static
../mbed-os/targets/TARGET_STM/TARGET_STM32F4/device/stm32f4xx_ll_rtc.c:706:6:LL_RTC_ALMA_StructInit	0	static
../mbed-os/targets/TARGET_STM/TARGET_STM32F4/device/stm32f4xx_ll_rtc.c:728:6:LL_RTC_ALMB_StructInit	0	static
../mbed-os/targets/TARGET_STM/TARGET_STM32F4/device/stm32f4xx_ll_rtc.c:753:13:LL_RTC_EnterInitMode	16	static
../mbed-os/targets/TARGET_STM/TARGET_STM32F4/device/stm32f4xx_ll_rtc.c:226:13:LL_RTC_Init	16	static
../mbed-os/targets/TARGET_STM/TARGET_STM32F4/device/stm32f4xx_ll_rtc.c:797:13:LL_RTC_ExitInitMode	0	static
../mbed-os/targets/TARGET_STM/TARGET_STM32F4/device/stm32f4xx_ll_rtc.c:824:13:LL_RTC_WaitForSynchro	16	static
../mbed-os/targets/TARGET_STM/TARGET_STM32F4/device/stm32f4xx_ll_rtc.c:165:13:LL_RTC_DeInit	8	static
../mbed-os/targets/TARGET_STM/TARGET_STM32F4/device/stm32f4xx_ll_rtc.c:285:13:LL_RTC_TIME_Init	16	static
../mbed-os/targets/TARGET_STM/TARGET_STM32F4/device/stm32f4xx_ll_rtc.c:388:13:LL_RTC_DATE_Init	24	static
