../mbed-os/targets/TARGET_STM/TARGET_STM32F4/device/stm32f4xx_hal_can_legacy.c:372:19:HAL_CAN_ConfigFilter	4	static
../mbed-os/targets/TARGET_STM/TARGET_STM32F4/device/stm32f4xx_hal_can_legacy.c:526:13:HAL_CAN_MspInit	0	static
../mbed-os/targets/TARGET_STM/TARGET_STM32F4/device/stm32f4xx_hal_can_legacy.c:189:19:HAL_CAN_Init	16	static
../mbed-os/targets/TARGET_STM/TARGET_STM32F4/device/stm32f4xx_hal_can_legacy.c:541:13:HAL_CAN_MspDeInit	0	static
../mbed-os/targets/TARGET_STM/TARGET_STM32F4/device/stm32f4xx_hal_can_legacy.c:493:19:HAL_CAN_DeInit	8	static
../mbed-os/targets/TARGET_STM/TARGET_STM32F4/device/stm32f4xx_hal_can_legacy.c:578:19:HAL_CAN_Transmit	32	static
../mbed-os/targets/TARGET_STM/TARGET_STM32F4/device/stm32f4xx_hal_can_legacy.c:720:19:HAL_CAN_Transmit_IT	8	static
../mbed-os/targets/TARGET_STM/TARGET_STM32F4/device/stm32f4xx_hal_can_legacy.c:836:19:HAL_CAN_Receive	24	static
../mbed-os/targets/TARGET_STM/TARGET_STM32F4/device/stm32f4xx_hal_can_legacy.c:1024:19:HAL_CAN_Receive_IT	4	static
../mbed-os/targets/TARGET_STM/TARGET_STM32F4/device/stm32f4xx_hal_can_legacy.c:1128:19:HAL_CAN_Sleep	16	static
../mbed-os/targets/TARGET_STM/TARGET_STM32F4/device/stm32f4xx_hal_can_legacy.c:1183:19:HAL_CAN_WakeUp	16	static
../mbed-os/targets/TARGET_STM/TARGET_STM32F4/device/stm32f4xx_hal_can_legacy.c:1426:13:HAL_CAN_TxCpltCallback	0	static
../mbed-os/targets/TARGET_STM/TARGET_STM32F4/device/stm32f4xx_hal_can_legacy.c:1441:13:HAL_CAN_RxCpltCallback	0	static
../mbed-os/targets/TARGET_STM/TARGET_STM32F4/device/stm32f4xx_hal_can_legacy.c:1564:26:CAN_Receive_IT.isra	24	static
../mbed-os/targets/TARGET_STM/TARGET_STM32F4/device/stm32f4xx_hal_can_legacy.c:1456:13:HAL_CAN_ErrorCallback	0	static
../mbed-os/targets/TARGET_STM/TARGET_STM32F4/device/stm32f4xx_hal_can_legacy.c:1235:6:HAL_CAN_IRQHandler	16	static
../mbed-os/targets/TARGET_STM/TARGET_STM32F4/device/stm32f4xx_hal_can_legacy.c:1491:22:HAL_CAN_GetState	0	static
../mbed-os/targets/TARGET_STM/TARGET_STM32F4/device/stm32f4xx_hal_can_legacy.c:1503:10:HAL_CAN_GetError	0	static
