../mbed-os/targets/TARGET_STM/TARGET_STM32F4/device/stm32f4xx_hal_i2c.c:5272:26:I2C_WaitOnMasterAddressFlagUntilTimeout	32	static
../mbed-os/targets/TARGET_STM/TARGET_STM32F4/device/stm32f4xx_hal_i2c.c:5320:26:I2C_WaitOnTXEFlagUntilTimeout	24	static
../mbed-os/targets/TARGET_STM/TARGET_STM32F4/device/stm32f4xx_hal_i2c.c:5357:26:I2C_WaitOnBTFFlagUntilTimeout	24	static
../mbed-os/targets/TARGET_STM/TARGET_STM32F4/device/stm32f4xx_hal_i2c.c:5428:26:I2C_WaitOnRXNEFlagUntilTimeout	24	static
../mbed-os/targets/TARGET_STM/TARGET_STM32F4/device/stm32f4xx_hal_i2c.c:4881:26:I2C_RequestMemoryWrite	48	static
../mbed-os/targets/TARGET_STM/TARGET_STM32F4/device/stm32f4xx_hal_i2c.c:4971:26:I2C_RequestMemoryRead	48	static
../mbed-os/targets/TARGET_STM/TARGET_STM32F4/device/stm32f4xx_hal_i2c.c:472:14:HAL_I2C_MspInit	0	static
../mbed-os/targets/TARGET_STM/TARGET_STM32F4/device/stm32f4xx_hal_i2c.c:354:19:HAL_I2C_Init	16	static
../mbed-os/targets/TARGET_STM/TARGET_STM32F4/device/stm32f4xx_hal_i2c.c:487:14:HAL_I2C_MspDeInit	0	static
../mbed-os/targets/TARGET_STM/TARGET_STM32F4/device/stm32f4xx_hal_i2c.c:436:19:HAL_I2C_DeInit	8	static
../mbed-os/targets/TARGET_STM/TARGET_STM32F4/device/stm32f4xx_hal_i2c.c:575:19:HAL_I2C_Master_Transmit	40	static
../mbed-os/targets/TARGET_STM/TARGET_STM32F4/device/stm32f4xx_hal_i2c.c:707:19:HAL_I2C_Master_Receive	56	static
../mbed-os/targets/TARGET_STM/TARGET_STM32F4/device/stm32f4xx_hal_i2c.c:938:19:HAL_I2C_Slave_Transmit	32	static
../mbed-os/targets/TARGET_STM/TARGET_STM32F4/device/stm32f4xx_hal_i2c.c:1067:19:HAL_I2C_Slave_Receive	32	static
../mbed-os/targets/TARGET_STM/TARGET_STM32F4/device/stm32f4xx_hal_i2c.c:1194:19:HAL_I2C_Master_Transmit_IT	16	static
../mbed-os/targets/TARGET_STM/TARGET_STM32F4/device/stm32f4xx_hal_i2c.c:1271:19:HAL_I2C_Master_Receive_IT	16	static
../mbed-os/targets/TARGET_STM/TARGET_STM32F4/device/stm32f4xx_hal_i2c.c:1354:19:HAL_I2C_Master_Sequential_Transmit_IT	24	static
../mbed-os/targets/TARGET_STM/TARGET_STM32F4/device/stm32f4xx_hal_i2c.c:1457:19:HAL_I2C_Master_Sequential_Receive_IT	24	static
../mbed-os/targets/TARGET_STM/TARGET_STM32F4/device/stm32f4xx_hal_i2c.c:1558:19:HAL_I2C_Slave_Transmit_IT	16	static
../mbed-os/targets/TARGET_STM/TARGET_STM32F4/device/stm32f4xx_hal_i2c.c:1638:19:HAL_I2C_Slave_Receive_IT	16	static
../mbed-os/targets/TARGET_STM/TARGET_STM32F4/device/stm32f4xx_hal_i2c.c:1720:19:HAL_I2C_Slave_Sequential_Transmit_IT	16	static
../mbed-os/targets/TARGET_STM/TARGET_STM32F4/device/stm32f4xx_hal_i2c.c:1786:19:HAL_I2C_Slave_Sequential_Receive_IT	16	static
../mbed-os/targets/TARGET_STM/TARGET_STM32F4/device/stm32f4xx_hal_i2c.c:1848:19:HAL_I2C_EnableListen_IT	0	static
../mbed-os/targets/TARGET_STM/TARGET_STM32F4/device/stm32f4xx_hal_i2c.c:1881:19:HAL_I2C_DisableListen_IT	0	static
../mbed-os/targets/TARGET_STM/TARGET_STM32F4/device/stm32f4xx_hal_i2c.c:1918:19:HAL_I2C_Master_Transmit_DMA	32	static
../mbed-os/targets/TARGET_STM/TARGET_STM32F4/device/stm32f4xx_hal_i2c.c:2038:19:HAL_I2C_Master_Receive_DMA	24	static
../mbed-os/targets/TARGET_STM/TARGET_STM32F4/device/stm32f4xx_hal_i2c.c:2206:19:HAL_I2C_Slave_Transmit_DMA	24	static
../mbed-os/targets/TARGET_STM/TARGET_STM32F4/device/stm32f4xx_hal_i2c.c:2303:19:HAL_I2C_Slave_Receive_DMA	24	static
../mbed-os/targets/TARGET_STM/TARGET_STM32F4/device/stm32f4xx_hal_i2c.c:2403:19:HAL_I2C_Mem_Write	48	static
../mbed-os/targets/TARGET_STM/TARGET_STM32F4/device/stm32f4xx_hal_i2c.c:2536:19:HAL_I2C_Mem_Read	64	static
../mbed-os/targets/TARGET_STM/TARGET_STM32F4/device/stm32f4xx_hal_i2c.c:2769:19:HAL_I2C_Mem_Write_IT	24	static
../mbed-os/targets/TARGET_STM/TARGET_STM32F4/device/stm32f4xx_hal_i2c.c:2854:19:HAL_I2C_Mem_Read_IT	24	static
../mbed-os/targets/TARGET_STM/TARGET_STM32F4/device/stm32f4xx_hal_i2c.c:2944:19:HAL_I2C_Mem_Write_DMA	56	static
../mbed-os/targets/TARGET_STM/TARGET_STM32F4/device/stm32f4xx_hal_i2c.c:3066:19:HAL_I2C_Mem_Read_DMA	56	static
../mbed-os/targets/TARGET_STM/TARGET_STM32F4/device/stm32f4xx_hal_i2c.c:3228:19:HAL_I2C_IsDeviceReady	48	static
../mbed-os/targets/TARGET_STM/TARGET_STM32F4/device/stm32f4xx_hal_i2c.c:3531:13:HAL_I2C_MasterTxCpltCallback	0	static
../mbed-os/targets/TARGET_STM/TARGET_STM32F4/device/stm32f4xx_hal_i2c.c:3547:13:HAL_I2C_MasterRxCpltCallback	0	static
../mbed-os/targets/TARGET_STM/TARGET_STM32F4/device/stm32f4xx_hal_i2c.c:3562:13:HAL_I2C_SlaveTxCpltCallback	0	static
../mbed-os/targets/TARGET_STM/TARGET_STM32F4/device/stm32f4xx_hal_i2c.c:3578:13:HAL_I2C_SlaveRxCpltCallback	0	static
../mbed-os/targets/TARGET_STM/TARGET_STM32F4/device/stm32f4xx_hal_i2c.c:3596:13:HAL_I2C_AddrCallback	0	static
../mbed-os/targets/TARGET_STM/TARGET_STM32F4/device/stm32f4xx_hal_i2c.c:3614:13:HAL_I2C_ListenCpltCallback	0	static
../mbed-os/targets/TARGET_STM/TARGET_STM32F4/device/stm32f4xx_hal_i2c.c:3630:13:HAL_I2C_MemTxCpltCallback	0	static
../mbed-os/targets/TARGET_STM/TARGET_STM32F4/device/stm32f4xx_hal_i2c.c:3646:13:HAL_I2C_MemRxCpltCallback	0	static
../mbed-os/targets/TARGET_STM/TARGET_STM32F4/device/stm32f4xx_hal_i2c.c:3662:13:HAL_I2C_ErrorCallback	0	static
../mbed-os/targets/TARGET_STM/TARGET_STM32F4/device/stm32f4xx_hal_i2c.c:5162:13:I2C_DMAError	8	static
../mbed-os/targets/TARGET_STM/TARGET_STM32F4/device/stm32f4xx_hal_i2c.c:5098:13:I2C_DMAXferCplt	8	static
../mbed-os/targets/TARGET_STM/TARGET_STM32F4/device/stm32f4xx_hal_i2c.c:3678:13:HAL_I2C_AbortCpltCallback	0	static
../mbed-os/targets/TARGET_STM/TARGET_STM32F4/device/stm32f4xx_hal_i2c.c:4570:13:I2C_ITError	8	static
../mbed-os/targets/TARGET_STM/TARGET_STM32F4/device/stm32f4xx_hal_i2c.c:2157:19:HAL_I2C_Master_Abort_IT	8	static
../mbed-os/targets/TARGET_STM/TARGET_STM32F4/device/stm32f4xx_hal_i2c.c:3457:6:HAL_I2C_ER_IRQHandler	24	static
../mbed-os/targets/TARGET_STM/TARGET_STM32F4/device/stm32f4xx_hal_i2c.c:3351:6:HAL_I2C_EV_IRQHandler	72	static
../mbed-os/targets/TARGET_STM/TARGET_STM32F4/device/stm32f4xx_hal_i2c.c:5189:13:I2C_DMAAbort	8	static
../mbed-os/targets/TARGET_STM/TARGET_STM32F4/device/stm32f4xx_hal_i2c.c:3713:22:HAL_I2C_GetState	0	static
../mbed-os/targets/TARGET_STM/TARGET_STM32F4/device/stm32f4xx_hal_i2c.c:3725:21:HAL_I2C_GetMode	0	static
../mbed-os/targets/TARGET_STM/TARGET_STM32F4/device/stm32f4xx_hal_i2c.c:3736:10:HAL_I2C_GetError	0	static
