../mbed-os/targets/TARGET_STM/TARGET_STM32F4/device/stm32f4xx_ll_tim.c:185:13:LL_TIM_DeInit	0	static
../mbed-os/targets/TARGET_STM/TARGET_STM32F4/device/stm32f4xx_ll_tim.c:302:6:LL_TIM_StructInit	0	static
../mbed-os/targets/TARGET_STM/TARGET_STM32F4/device/stm32f4xx_ll_tim.c:320:13:LL_TIM_Init	8	static
../mbed-os/targets/TARGET_STM/TARGET_STM32F4/device/stm32f4xx_ll_tim.c:371:6:LL_TIM_OC_StructInit	0	static
../mbed-os/targets/TARGET_STM/TARGET_STM32F4/device/stm32f4xx_ll_tim.c:397:13:LL_TIM_OC_Init	8	static
../mbed-os/targets/TARGET_STM/TARGET_STM32F4/device/stm32f4xx_ll_tim.c:428:6:LL_TIM_IC_StructInit	0	static
../mbed-os/targets/TARGET_STM/TARGET_STM32F4/device/stm32f4xx_ll_tim.c:450:13:LL_TIM_IC_Init	8	static
../mbed-os/targets/TARGET_STM/TARGET_STM32F4/device/stm32f4xx_ll_tim.c:480:6:LL_TIM_ENCODER_StructInit	0	static
../mbed-os/targets/TARGET_STM/TARGET_STM32F4/device/stm32f4xx_ll_tim.c:502:13:LL_TIM_ENCODER_Init	8	static
../mbed-os/targets/TARGET_STM/TARGET_STM32F4/device/stm32f4xx_ll_tim.c:564:6:LL_TIM_HALLSENSOR_StructInit	0	static
../mbed-os/targets/TARGET_STM/TARGET_STM32F4/device/stm32f4xx_ll_tim.c:593:13:LL_TIM_HALLSENSOR_Init	12	static
../mbed-os/targets/TARGET_STM/TARGET_STM32F4/device/stm32f4xx_ll_tim.c:671:6:LL_TIM_BDTR_StructInit	0	static
../mbed-os/targets/TARGET_STM/TARGET_STM32F4/device/stm32f4xx_ll_tim.c:696:13:LL_TIM_BDTR_Init	4	static
