../mbed-os/targets/TARGET_STM/TARGET_STM32F4/device/stm32f4xx_hal_rng.c:188:13:HAL_RNG_MspInit	0	static
../mbed-os/targets/TARGET_STM/TARGET_STM32F4/device/stm32f4xx_hal_rng.c:121:19:HAL_RNG_Init	8	static
../mbed-os/targets/TARGET_STM/TARGET_STM32F4/device/stm32f4xx_hal_rng.c:203:13:HAL_RNG_MspDeInit	0	static
../mbed-os/targets/TARGET_STM/TARGET_STM32F4/device/stm32f4xx_hal_rng.c:156:19:HAL_RNG_DeInit	8	static
../mbed-os/targets/TARGET_STM/TARGET_STM32F4/device/stm32f4xx_hal_rng.c:242:19:HAL_RNG_GenerateRandomNumber	24	static
../mbed-os/targets/TARGET_STM/TARGET_STM32F4/device/stm32f4xx_hal_rng.c:296:19:HAL_RNG_GenerateRandomNumber_IT	0	static
../mbed-os/targets/TARGET_STM/TARGET_STM32F4/device/stm32f4xx_hal_rng.c:389:10:HAL_RNG_GetRandomNumber	16	static
../mbed-os/targets/TARGET_STM/TARGET_STM32F4/device/stm32f4xx_hal_rng.c:408:10:HAL_RNG_GetRandomNumber_IT	0	static
../mbed-os/targets/TARGET_STM/TARGET_STM32F4/device/stm32f4xx_hal_rng.c:434:10:HAL_RNG_ReadLastRandomNumber	0	static
../mbed-os/targets/TARGET_STM/TARGET_STM32F4/device/stm32f4xx_hal_rng.c:446:13:HAL_RNG_ReadyDataCallback	0	static
../mbed-os/targets/TARGET_STM/TARGET_STM32F4/device/stm32f4xx_hal_rng.c:462:13:HAL_RNG_ErrorCallback	0	static
../mbed-os/targets/TARGET_STM/TARGET_STM32F4/device/stm32f4xx_hal_rng.c:347:6:HAL_RNG_IRQHandler	8	static
../mbed-os/targets/TARGET_STM/TARGET_STM32F4/device/stm32f4xx_hal_rng.c:496:22:HAL_RNG_GetState	0	static
