../mbed-os/targets/TARGET_STM/TARGET_STM32F4/device/stm32f4xx_ll_rcc.c:202:13:LL_RCC_DeInit	0	static
../mbed-os/targets/TARGET_STM/TARGET_STM32F4/device/stm32f4xx_ll_rcc.c:318:6:LL_RCC_GetSystemClocksFreq	4	static
../mbed-os/targets/TARGET_STM/TARGET_STM32F4/device/stm32f4xx_ll_rcc.c:385:10:LL_RCC_GetI2SClockFreq	4	static
../mbed-os/targets/TARGET_STM/TARGET_STM32F4/device/stm32f4xx_ll_rcc.c:697:10:LL_RCC_GetSDIOClockFreq	4	static
../mbed-os/targets/TARGET_STM/TARGET_STM32F4/device/stm32f4xx_ll_rcc.c:768:10:LL_RCC_GetRNGClockFreq	4	static
../mbed-os/targets/TARGET_STM/TARGET_STM32F4/device/stm32f4xx_ll_rcc.c:863:10:LL_RCC_GetUSBClockFreq	4	static
../mbed-os/targets/TARGET_STM/TARGET_STM32F4/device/stm32f4xx_ll_rcc.c:1134:10:RCC_GetSystemClockFreq	4	static
../mbed-os/targets/TARGET_STM/TARGET_STM32F4/device/stm32f4xx_ll_rcc.c:1172:10:RCC_GetHCLKClockFreq	0	static
../mbed-os/targets/TARGET_STM/TARGET_STM32F4/device/stm32f4xx_ll_rcc.c:1183:10:RCC_GetPCLK1ClockFreq	0	static
../mbed-os/targets/TARGET_STM/TARGET_STM32F4/device/stm32f4xx_ll_rcc.c:1194:10:RCC_GetPCLK2ClockFreq	0	static
../mbed-os/targets/TARGET_STM/TARGET_STM32F4/device/stm32f4xx_ll_rcc.c:1205:10:RCC_PLL_GetFreqDomain_SYS	4	static
../mbed-os/targets/TARGET_STM/TARGET_STM32F4/device/stm32f4xx_ll_rcc.c:1249:10:RCC_PLL_GetFreqDomain_48M	8	static
../mbed-os/targets/TARGET_STM/TARGET_STM32F4/device/stm32f4xx_ll_rcc.c:1413:10:RCC_PLLSAI_GetFreqDomain_SAI	8	static
../mbed-os/targets/TARGET_STM/TARGET_STM32F4/device/stm32f4xx_ll_rcc.c:1478:10:RCC_PLLSAI_GetFreqDomain_LTDC	8	static
../mbed-os/targets/TARGET_STM/TARGET_STM32F4/device/stm32f4xx_ll_rcc.c:1064:10:LL_RCC_GetLTDCClockFreq	0	static
../mbed-os/targets/TARGET_STM/TARGET_STM32F4/device/stm32f4xx_ll_rcc.c:1513:10:RCC_PLLI2S_GetFreqDomain_SAI	8	static
../mbed-os/targets/TARGET_STM/TARGET_STM32F4/device/stm32f4xx_ll_rcc.c:557:10:LL_RCC_GetSAIClockFreq	0	static
../mbed-os/targets/TARGET_STM/TARGET_STM32F4/device/stm32f4xx_ll_rcc.c:1589:10:RCC_PLLI2S_GetFreqDomain_I2S	8	static
