../mbed-os/targets/TARGET_STM/TARGET_STM32F4/device/stm32f4xx_hal_eth.c:1570:13:ETH_MACDMAConfig	16	static
../mbed-os/targets/TARGET_STM/TARGET_STM32F4/device/stm32f4xx_hal_eth.c:477:19:HAL_ETH_DMATxDescListInit	28	static
../mbed-os/targets/TARGET_STM/TARGET_STM32F4/device/stm32f4xx_hal_eth.c:544:19:HAL_ETH_DMARxDescListInit	24	static
../mbed-os/targets/TARGET_STM/TARGET_STM32F4/device/stm32f4xx_hal_eth.c:611:13:HAL_ETH_MspInit	0	static
../mbed-os/targets/TARGET_STM/TARGET_STM32F4/device/stm32f4xx_hal_eth.c:626:13:HAL_ETH_MspDeInit	0	static
../mbed-os/targets/TARGET_STM/TARGET_STM32F4/device/stm32f4xx_hal_eth.c:450:19:HAL_ETH_DeInit	8	static
../mbed-os/targets/TARGET_STM/TARGET_STM32F4/device/stm32f4xx_hal_eth.c:669:19:HAL_ETH_TransmitFrame	12	static
../mbed-os/targets/TARGET_STM/TARGET_STM32F4/device/stm32f4xx_hal_eth.c:770:19:HAL_ETH_GetReceivedFrame	4	static
../mbed-os/targets/TARGET_STM/TARGET_STM32F4/device/stm32f4xx_hal_eth.c:841:19:HAL_ETH_GetReceivedFrame_IT	4	static
../mbed-os/targets/TARGET_STM/TARGET_STM32F4/device/stm32f4xx_hal_eth.c:977:13:HAL_ETH_TxCpltCallback	0	static
../mbed-os/targets/TARGET_STM/TARGET_STM32F4/device/stm32f4xx_hal_eth.c:992:13:HAL_ETH_RxCpltCallback	0	static
../mbed-os/targets/TARGET_STM/TARGET_STM32F4/device/stm32f4xx_hal_eth.c:1007:13:HAL_ETH_ErrorCallback	0	static
../mbed-os/targets/TARGET_STM/TARGET_STM32F4/device/stm32f4xx_hal_eth.c:917:6:HAL_ETH_IRQHandler	16	static
../mbed-os/targets/TARGET_STM/TARGET_STM32F4/device/stm32f4xx_hal_eth.c:1028:19:HAL_ETH_ReadPHYRegister	16	static
../mbed-os/targets/TARGET_STM/TARGET_STM32F4/device/stm32f4xx_hal_eth.c:1100:19:HAL_ETH_WritePHYRegister	16	static
../mbed-os/targets/TARGET_STM/TARGET_STM32F4/device/stm32f4xx_hal_eth.c:178:19:HAL_ETH_Init	32	static
../mbed-os/targets/TARGET_STM/TARGET_STM32F4/device/stm32f4xx_hal_eth.c:1192:19:HAL_ETH_Start	32	static,ignoring_inline_asm
../mbed-os/targets/TARGET_STM/TARGET_STM32F4/device/stm32f4xx_hal_eth.c:1231:19:HAL_ETH_Stop	32	static,ignoring_inline_asm
../mbed-os/targets/TARGET_STM/TARGET_STM32F4/device/stm32f4xx_hal_eth.c:1271:19:HAL_ETH_ConfigMAC	24	static
../mbed-os/targets/TARGET_STM/TARGET_STM32F4/device/stm32f4xx_hal_eth.c:1438:19:HAL_ETH_ConfigDMA	24	static
../mbed-os/targets/TARGET_STM/TARGET_STM32F4/device/stm32f4xx_hal_eth.c:1545:22:HAL_ETH_GetState	0	static
