c:\st\stm32cubeide_1.9.0\stm32cubeide\plugins\com.st.stm32cube.ide.mcu.externaltools.gnu-tools-for-stm32.10.3-2021.10.win32_1.0.0.202111181127\tools\arm-none-eabi\include\c++\10.3.1\new:174:33:void* operator new(std::size_t, void*)	8	static
../modules/motion_sensor/motion_sensor.cpp:33:6:void motionSensorInit()	24	static
../modules/motion_sensor/motion_sensor.cpp:40:6:bool motionSensorRead()	0	static
../modules/motion_sensor/motion_sensor.cpp:45:6:void motionSensorActivate()	24	static
../modules/motion_sensor/motion_sensor.cpp:54:6:void motionSensorDeactivate()	8	static
../modules/motion_sensor/motion_sensor.cpp:62:13:void motionDetected()	40	static
../modules/motion_sensor/motion_sensor.cpp:69:13:void motionCeased()	40	static
../mbed-os/platform/Callback.h:83:5:)) [with R = void; ArgTs = {}]	16	static
../mbed-os/platform/Callback.h:282:5:)>::~Callback() [with R = void; ArgTs = {}]	16	static
../mbed-os/platform/Callback.h:635:10:)>::generate(const F&) [with F = void (*)(); R = void; ArgTs = {}]	16	static
../mbed-os/platform/Callback.h:652:14:) [with F = void (*)(); R = void; ArgTs = {}]	16	static
../mbed-os/platform/Callback.h:658:17:)>::function_move(void*, const void*) [with F = void (*)(); R = void; ArgTs = {}]	16	static
../mbed-os/platform/Callback.h:664:17:)>::function_dtor(void*) [with F = void (*)(); R = void; ArgTs = {}]	8	static
../modules/motion_sensor/motion_sensor.cpp:76:1:void __static_initialization_and_destruction_0(int, int)	16	static
../modules/motion_sensor/motion_sensor.cpp:76:1:cpp)	8	static
../modules/motion_sensor/motion_sensor.cpp:76:1:cpp)	8	static
