c:\st\stm32cubeide_1.9.0\stm32cubeide\plugins\com.st.stm32cube.ide.mcu.externaltools.gnu-tools-for-stm32.10.3-2021.10.win32_1.0.0.202111181127\tools\arm-none-eabi\include\c++\10.3.1\new:174:33:void* operator new(std::size_t, void*)	8	static
../modules/gate/gate.cpp:36:6:void gateInit()	40	static
../modules/gate/gate.cpp:49:6:void gateOpen()	8	static
../modules/gate/gate.cpp:58:6:void gateClose()	8	static
../modules/gate/gate.cpp:67:14:gateStatus_t gateStatusRead()	0	static
../modules/gate/gate.cpp:74:13:void gateOpenLimitSwitchCallback()	8	static
../modules/gate/gate.cpp:83:13:void gateCloseLimitSwitchCallback()	8	static
../mbed-os/platform/Callback.h:83:5:)) [with R = void; ArgTs = {}]	16	static
../mbed-os/platform/Callback.h:282:5:)>::~Callback() [with R = void; ArgTs = {}]	16	static
../mbed-os/platform/Callback.h:635:10:)>::generate(const F&) [with F = void (*)(); R = void; ArgTs = {}]	16	static
../mbed-os/platform/Callback.h:652:14:) [with F = void (*)(); R = void; ArgTs = {}]	16	static
../mbed-os/platform/Callback.h:658:17:)>::function_move(void*, const void*) [with F = void (*)(); R = void; ArgTs = {}]	16	static
../mbed-os/platform/Callback.h:664:17:)>::function_dtor(void*) [with F = void (*)(); R = void; ArgTs = {}]	8	static
../modules/gate/gate.cpp:90:1:void __static_initialization_and_destruction_0(int, int)	16	static
../modules/gate/gate.cpp:90:1:cpp)	8	static
../modules/gate/gate.cpp:90:1:cpp)	8	static
