c:\st\stm32cubeide_1.9.0\stm32cubeide\plugins\com.st.stm32cube.ide.mcu.externaltools.gnu-tools-for-stm32.10.3-2021.10.win32_1.0.0.202111181127\tools\arm-none-eabi\include\c++\10.3.1\new:174:33:void* operator new(std::size_t, void*)	8	static
../mbed-os/platform/SingletonPtr.h:47:20:void singleton_lock()	8	static
../mbed-os/platform/SingletonPtr.h:64:20:void singleton_unlock()	8	static
../mbed-os/drivers/AnalogIn.h:108:13:mbed::AnalogIn::~AnalogIn()	8	static
../mbed-os/drivers/AnalogIn.h:108:13:virtual mbed::AnalogIn::~AnalogIn()	16	static
../mbed-os/drivers/AnalogIn.h:115:18:virtual void mbed::AnalogIn::lock()	16	static
../mbed-os/drivers/AnalogIn.h:120:18:virtual void mbed::AnalogIn::unlock()	16	static
../modules/temperature_sensor/temperature_sensor.cpp:34:6:void temperatureSensorInit()	8	static
../modules/temperature_sensor/temperature_sensor.cpp:44:6:void temperatureSensorUpdate()	24	static
../modules/temperature_sensor/temperature_sensor.cpp:68:7:float temperatureSensorReadCelsius()	0	static
../modules/temperature_sensor/temperature_sensor.cpp:73:7:float temperatureSensorReadFahrenheit()	8	static
../modules/temperature_sensor/temperature_sensor.cpp:78:7:float celsiusToFahrenheit(float)	16	static
../modules/temperature_sensor/temperature_sensor.cpp:85:14:float analogReadingScaledWithTheLM35Formula(float)	16	static
../mbed-os/platform/SingletonPtr.h:148:8:T* SingletonPtr<T>::operator->() const [with T = rtos::Mutex]	16	static
../mbed-os/platform/SingletonPtr.h:125:8:T* SingletonPtr<T>::get() const [with T = rtos::Mutex]	24	static
../mbed-os/platform/internal/mbed_atomic_impl.h:1123:11:T* core_util_atomic_load(T* const*) [with T = rtos::Mutex]	16	static,ignoring_inline_asm
../mbed-os/platform/internal/mbed_atomic_impl.h:1182:13:void core_util_atomic_store(T**, T*) [with T = rtos::Mutex]	16	static,ignoring_inline_asm
../mbed-os/drivers/Serial.h:56:7:mbed::Serial::~Serial()	16	static
../mbed-os/drivers/Serial.h:56:7:virtual mbed::Serial::~Serial()	16	static
../modules/temperature_sensor/temperature_sensor.cpp:88:1:void __static_initialization_and_destruction_0(int, int)	24	static
../modules/temperature_sensor/temperature_sensor.cpp:88:1:cpp)	8	static
../modules/temperature_sensor/temperature_sensor.cpp:88:1:cpp)	8	static
