c:\st\stm32cubeide_1.9.0\stm32cubeide\plugins\com.st.stm32cube.ide.mcu.externaltools.gnu-tools-for-stm32.10.3-2021.10.win32_1.0.0.202111181127\tools\arm-none-eabi\include\c++\10.3.1\new:174:33:void* operator new(std::size_t, void*)	8	static
../mbed-os/platform/SingletonPtr.h:47:20:void singleton_lock()	8	static
../mbed-os/platform/SingletonPtr.h:64:20:void singleton_unlock()	8	static
../mbed-os/drivers/AnalogIn.h:108:13:mbed::AnalogIn::~AnalogIn()	8	static
../mbed-os/drivers/AnalogIn.h:108:13:virtual mbed::AnalogIn::~AnalogIn()	16	static
../mbed-os/drivers/AnalogIn.h:115:18:virtual void mbed::AnalogIn::lock()	16	static
../mbed-os/drivers/AnalogIn.h:120:18:virtual void mbed::AnalogIn::unlock()	16	static
../modules/linea_sensor/linea_sensor.cpp:31:6:void lineaInit()	8	static
../modules/linea_sensor/linea_sensor.cpp:40:17:uint16_t analogUpdate()	24	static
../modules/linea_sensor/linea_sensor.cpp:65:10:uint16_t lineaUpdate()	8	static
../mbed-os/platform/SingletonPtr.h:148:8:T* SingletonPtr<T>::operator->() const [with T = rtos::Mutex]	16	static
../mbed-os/platform/SingletonPtr.h:125:8:T* SingletonPtr<T>::get() const [with T = rtos::Mutex]	24	static
../mbed-os/platform/internal/mbed_atomic_impl.h:1123:11:T* core_util_atomic_load(T* const*) [with T = rtos::Mutex]	16	static,ignoring_inline_asm
../mbed-os/platform/internal/mbed_atomic_impl.h:1182:13:void core_util_atomic_store(T**, T*) [with T = rtos::Mutex]	16	static,ignoring_inline_asm
../modules/linea_sensor/linea_sensor.cpp:71:1:void __static_initialization_and_destruction_0(int, int)	16	static
../modules/linea_sensor/linea_sensor.cpp:71:1:cpp)	8	static
../modules/linea_sensor/linea_sensor.cpp:71:1:cpp)	8	static
